warning: The `tool.uv.dev-dependencies` field (used in `packages/openpi-client/pyproject.toml`) is deprecated and will be removed in a future release; use `dependency-groups.dev` instead
INFO:root:Loading model...
INFO:2026-05-01 23:49:28,943:jax._src.xla_bridge:925: Unable to initialize backend 'rocm': module 'jaxlib.xla_extension' has no attribute 'GpuAllocatorConfig'
INFO:jax._src.xla_bridge:Unable to initialize backend 'rocm': module 'jaxlib.xla_extension' has no attribute 'GpuAllocatorConfig'
INFO:2026-05-01 23:49:28,952:jax._src.xla_bridge:925: Unable to initialize backend 'tpu': INTERNAL: Failed to open libtpu.so: libtpu.so: cannot open shared object file: No such file or directory
INFO:jax._src.xla_bridge:Unable to initialize backend 'tpu': INTERNAL: Failed to open libtpu.so: libtpu.so: cannot open shared object file: No such file or directory
INFO:absl:orbax-checkpoint version: 0.11.13
INFO:absl:Created BasePyTreeCheckpointHandler: use_ocdbt=True, use_zarr3=False, pytree_metadata_options=PyTreeMetadataOptions(support_rich_types=False), array_metadata_store=<orbax.checkpoint._src.metadata.array_metadata_store.Store object at 0x15545fd3b650>
INFO:absl:Restoring checkpoint from /scratch/at5282/.cache/openpi/openpi-assets/checkpoints/pi05_libero/params.
INFO:absl:[thread=MainThread] Failed to get flag value for EXPERIMENTAL_ORBAX_USE_DISTRIBUTED_PROCESS_ID.
INFO:absl:[process=0] /jax/checkpoint/read/bytes_per_sec: 494.7 MiB/s (total bytes: 6.2 GiB) (time elapsed: 12 seconds) (per-host)
INFO:absl:Finished restoring checkpoint in 12.94 seconds from /scratch/at5282/.cache/openpi/openpi-assets/checkpoints/pi05_libero/params.
INFO:root:Norm stats not found in /scratch/at5282/trace/openpi/assets/pi05_libero/physical-intelligence/libero, skipping.
INFO:root:Loaded norm stats from /scratch/at5282/.cache/openpi/openpi-assets/checkpoints/pi05_libero/assets/physical-intelligence/libero
INFO:root:Creating server (host: cn008, ip: 10.10.1.8)
Traceback (most recent call last):
  File "/scratch/at5282/trace/openpi/scripts/serve_policy.py", line 122, in <module>
    main(tyro.cli(Args))
  File "/scratch/at5282/trace/openpi/scripts/serve_policy.py", line 117, in main
    server.serve_forever()
  File "/scratch/at5282/trace/openpi/src/openpi/serving/websocket_policy_server.py", line 35, in serve_forever
    asyncio.run(self.run())
  File "/home/at5282/.local/share/uv/python/cpython-3.11.14-linux-x86_64-gnu/lib/python3.11/asyncio/runners.py", line 190, in run
    return runner.run(main)
           ^^^^^^^^^^^^^^^^
  File "/home/at5282/.local/share/uv/python/cpython-3.11.14-linux-x86_64-gnu/lib/python3.11/asyncio/runners.py", line 118, in run
    return self._loop.run_until_complete(task)
           ^^^^^^^^^^^^^^^^^^^^^^^^^^^^^^^^^^^
  File "/home/at5282/.local/share/uv/python/cpython-3.11.14-linux-x86_64-gnu/lib/python3.11/asyncio/base_events.py", line 654, in run_until_complete
    return future.result()
           ^^^^^^^^^^^^^^^
  File "/scratch/at5282/trace/openpi/src/openpi/serving/websocket_policy_server.py", line 38, in run
    async with _server.serve(
  File "/scratch/at5282/trace/openpi/.venv/lib/python3.11/site-packages/websockets/asyncio/server.py", line 813, in __aenter__
    return await self
           ^^^^^^^^^^
  File "/scratch/at5282/trace/openpi/.venv/lib/python3.11/site-packages/websockets/asyncio/server.py", line 831, in __await_impl__
    server = await self.create_server
             ^^^^^^^^^^^^^^^^^^^^^^^^
  File "/home/at5282/.local/share/uv/python/cpython-3.11.14-linux-x86_64-gnu/lib/python3.11/asyncio/base_events.py", line 1536, in create_server
    raise OSError(err.errno, msg) from None
OSError: [Errno 98] error while attempting to bind on address ('0.0.0.0', 8000): address already in use
